Classic Timing Analyzer report for finalTermProject
Tue Apr 30 16:20:55 2019
Quartus II Version 9.1 Build 350 03/24/2010 Service Pack 2 SJ Web Edition


---------------------
; Table of Contents ;
---------------------
  1. Legal Notice
  2. Timing Analyzer Summary
  3. Timing Analyzer Settings
  4. Clock Settings Summary
  5. Parallel Compilation
  6. Clock Setup: 'SW[1]'
  7. Clock Setup: 'SW[0]'
  8. Clock Setup: 'SW[3]'
  9. Clock Setup: 'SW[2]'
 10. tsu
 11. tco
 12. tpd
 13. th
 14. Timing Analyzer Messages



----------------
; Legal Notice ;
----------------
Copyright (C) 1991-2010 Altera Corporation
Your use of Altera Corporation's design tools, logic functions 
and other software and tools, and its AMPP partner logic 
functions, and any output files from any of the foregoing 
(including device programming or simulation files), and any 
associated documentation or information are expressly subject 
to the terms and conditions of the Altera Program License 
Subscription Agreement, Altera MegaCore Function License 
Agreement, or other applicable license agreement, including, 
without limitation, that your use is for the sole purpose of 
programming logic devices manufactured by Altera and sold by 
Altera or its authorized distributors.  Please refer to the 
applicable agreement for further details.



+--------------------------------------------------------------------------------------------------------------------------------------------------------------------------------------------------------------------------+
; Timing Analyzer Summary                                                                                                                                                                                                  ;
+------------------------------+-------+---------------+------------------------------------------------+-------------------------------------+-------------------------------------+------------+----------+--------------+
; Type                         ; Slack ; Required Time ; Actual Time                                    ; From                                ; To                                  ; From Clock ; To Clock ; Failed Paths ;
+------------------------------+-------+---------------+------------------------------------------------+-------------------------------------+-------------------------------------+------------+----------+--------------+
; Worst-case tsu               ; N/A   ; None          ; 2.534 ns                                       ; SW[1]                               ; dffs:comb_7|d_flip_flop:comb_4|dout ; --         ; SW[1]    ; 0            ;
; Worst-case tco               ; N/A   ; None          ; 11.183 ns                                      ; dffs:comb_7|d_flip_flop:comb_4|dout ; HEX7[6]                             ; SW[2]      ; --       ; 0            ;
; Worst-case tpd               ; N/A   ; None          ; 6.273 ns                                       ; SW[2]                               ; HEX4[4]                             ; --         ; --       ; 0            ;
; Worst-case th                ; N/A   ; None          ; -0.820 ns                                      ; SW[3]                               ; dffs:comb_7|d_flip_flop:comb_3|dout ; --         ; SW[2]    ; 0            ;
; Clock Setup: 'SW[2]'         ; N/A   ; None          ; Restricted to 405.02 MHz ( period = 2.469 ns ) ; dffs:comb_7|d_flip_flop:comb_4|dout ; dffs:comb_7|d_flip_flop:comb_5|dout ; SW[2]      ; SW[2]    ; 0            ;
; Clock Setup: 'SW[3]'         ; N/A   ; None          ; Restricted to 405.02 MHz ( period = 2.469 ns ) ; dffs:comb_7|d_flip_flop:comb_4|dout ; dffs:comb_7|d_flip_flop:comb_5|dout ; SW[3]      ; SW[3]    ; 0            ;
; Clock Setup: 'SW[0]'         ; N/A   ; None          ; Restricted to 405.02 MHz ( period = 2.469 ns ) ; dffs:comb_7|d_flip_flop:comb_4|dout ; dffs:comb_7|d_flip_flop:comb_5|dout ; SW[0]      ; SW[0]    ; 0            ;
; Clock Setup: 'SW[1]'         ; N/A   ; None          ; Restricted to 405.02 MHz ( period = 2.469 ns ) ; dffs:comb_7|d_flip_flop:comb_4|dout ; dffs:comb_7|d_flip_flop:comb_5|dout ; SW[1]      ; SW[1]    ; 0            ;
; Total number of failed paths ;       ;               ;                                                ;                                     ;                                     ;            ;          ; 0            ;
+------------------------------+-------+---------------+------------------------------------------------+-------------------------------------+-------------------------------------+------------+----------+--------------+


+-----------------------------------------------------------------------------------------------------------------------------------------------------+
; Timing Analyzer Settings                                                                                                                            ;
+------------------------------------------------------------------------------------------------------+--------------------+------+----+-------------+
; Option                                                                                               ; Setting            ; From ; To ; Entity Name ;
+------------------------------------------------------------------------------------------------------+--------------------+------+----+-------------+
; Device Name                                                                                          ; EP2C35F484C7       ;      ;    ;             ;
; Timing Models                                                                                        ; Final              ;      ;    ;             ;
; Default hold multicycle                                                                              ; Same as Multicycle ;      ;    ;             ;
; Cut paths between unrelated clock domains                                                            ; On                 ;      ;    ;             ;
; Cut off read during write signal paths                                                               ; On                 ;      ;    ;             ;
; Cut off feedback from I/O pins                                                                       ; On                 ;      ;    ;             ;
; Report Combined Fast/Slow Timing                                                                     ; Off                ;      ;    ;             ;
; Ignore Clock Settings                                                                                ; Off                ;      ;    ;             ;
; Analyze latches as synchronous elements                                                              ; On                 ;      ;    ;             ;
; Enable Recovery/Removal analysis                                                                     ; Off                ;      ;    ;             ;
; Enable Clock Latency                                                                                 ; Off                ;      ;    ;             ;
; Use TimeQuest Timing Analyzer                                                                        ; Off                ;      ;    ;             ;
; Minimum Core Junction Temperature                                                                    ; 0                  ;      ;    ;             ;
; Maximum Core Junction Temperature                                                                    ; 85                 ;      ;    ;             ;
; Number of source nodes to report per destination node                                                ; 10                 ;      ;    ;             ;
; Number of destination nodes to report                                                                ; 10                 ;      ;    ;             ;
; Number of paths to report                                                                            ; 200                ;      ;    ;             ;
; Report Minimum Timing Checks                                                                         ; Off                ;      ;    ;             ;
; Use Fast Timing Models                                                                               ; Off                ;      ;    ;             ;
; Report IO Paths Separately                                                                           ; Off                ;      ;    ;             ;
; Perform Multicorner Analysis                                                                         ; On                 ;      ;    ;             ;
; Reports the worst-case path for each clock domain and analysis                                       ; Off                ;      ;    ;             ;
; Reports worst-case timing paths for each clock domain and analysis                                   ; On                 ;      ;    ;             ;
; Specifies the maximum number of worst-case timing paths to report for each clock domain and analysis ; 100                ;      ;    ;             ;
; Removes common clock path pessimism (CCPP) during slack computation                                  ; Off                ;      ;    ;             ;
; Output I/O Timing Endpoint                                                                           ; Near End           ;      ;    ;             ;
+------------------------------------------------------------------------------------------------------+--------------------+------+----+-------------+


+------------------------------------------------------------------------------------------------------------------------------------------------------------------------------------+
; Clock Settings Summary                                                                                                                                                             ;
+-----------------+--------------------+----------+------------------+---------------+--------------+----------+-----------------------+---------------------+--------+--------------+
; Clock Node Name ; Clock Setting Name ; Type     ; Fmax Requirement ; Early Latency ; Late Latency ; Based on ; Multiply Base Fmax by ; Divide Base Fmax by ; Offset ; Phase offset ;
+-----------------+--------------------+----------+------------------+---------------+--------------+----------+-----------------------+---------------------+--------+--------------+
; SW[1]           ;                    ; User Pin ; None             ; 0.000 ns      ; 0.000 ns     ; --       ; N/A                   ; N/A                 ; N/A    ;              ;
; SW[0]           ;                    ; User Pin ; None             ; 0.000 ns      ; 0.000 ns     ; --       ; N/A                   ; N/A                 ; N/A    ;              ;
; SW[3]           ;                    ; User Pin ; None             ; 0.000 ns      ; 0.000 ns     ; --       ; N/A                   ; N/A                 ; N/A    ;              ;
; SW[2]           ;                    ; User Pin ; None             ; 0.000 ns      ; 0.000 ns     ; --       ; N/A                   ; N/A                 ; N/A    ;              ;
+-----------------+--------------------+----------+------------------+---------------+--------------+----------+-----------------------+---------------------+--------+--------------+


Parallel compilation was disabled, but you have multiple processors available. Enable parallel compilation to reduce compilation time.
+-------------------------------------+
; Parallel Compilation                ;
+----------------------------+--------+
; Processors                 ; Number ;
+----------------------------+--------+
; Number detected on machine ; 4      ;
; Maximum allowed            ; 1      ;
+----------------------------+--------+


+------------------------------------------------------------------------------------------------------------------------------------------------------------------------------------------------------------------------------------------------+
; Clock Setup: 'SW[1]'                                                                                                                                                                                                                           ;
+-------+------------------------------------------------+-------------------------------------+-------------------------------------+------------+----------+-----------------------------+---------------------------+-------------------------+
; Slack ; Actual fmax (period)                           ; From                                ; To                                  ; From Clock ; To Clock ; Required Setup Relationship ; Required Longest P2P Time ; Actual Longest P2P Time ;
+-------+------------------------------------------------+-------------------------------------+-------------------------------------+------------+----------+-----------------------------+---------------------------+-------------------------+
; N/A   ; Restricted to 405.02 MHz ( period = 2.469 ns ) ; dffs:comb_7|d_flip_flop:comb_4|dout ; dffs:comb_7|d_flip_flop:comb_5|dout ; SW[1]      ; SW[1]    ; None                        ; None                      ; 1.795 ns                ;
; N/A   ; Restricted to 405.02 MHz ( period = 2.469 ns ) ; dffs:comb_7|d_flip_flop:comb_3|dout ; dffs:comb_7|d_flip_flop:comb_4|dout ; SW[1]      ; SW[1]    ; None                        ; None                      ; 1.705 ns                ;
; N/A   ; Restricted to 405.02 MHz ( period = 2.469 ns ) ; dffs:comb_7|d_flip_flop:comb_3|dout ; dffs:comb_7|d_flip_flop:comb_5|dout ; SW[1]      ; SW[1]    ; None                        ; None                      ; 1.595 ns                ;
; N/A   ; Restricted to 405.02 MHz ( period = 2.469 ns ) ; dffs:comb_7|d_flip_flop:comb_5|dout ; dffs:comb_7|d_flip_flop:comb_4|dout ; SW[1]      ; SW[1]    ; None                        ; None                      ; 1.592 ns                ;
; N/A   ; Restricted to 405.02 MHz ( period = 2.469 ns ) ; dffs:comb_7|d_flip_flop:comb_5|dout ; dffs:comb_7|d_flip_flop:comb_5|dout ; SW[1]      ; SW[1]    ; None                        ; None                      ; 1.459 ns                ;
; N/A   ; Restricted to 405.02 MHz ( period = 2.469 ns ) ; dffs:comb_7|d_flip_flop:comb_4|dout ; dffs:comb_7|d_flip_flop:comb_3|dout ; SW[1]      ; SW[1]    ; None                        ; None                      ; 1.322 ns                ;
; N/A   ; Restricted to 405.02 MHz ( period = 2.469 ns ) ; dffs:comb_7|d_flip_flop:comb_4|dout ; dffs:comb_7|d_flip_flop:comb_4|dout ; SW[1]      ; SW[1]    ; None                        ; None                      ; 1.316 ns                ;
; N/A   ; Restricted to 405.02 MHz ( period = 2.469 ns ) ; dffs:comb_7|d_flip_flop:comb_3|dout ; dffs:comb_7|d_flip_flop:comb_3|dout ; SW[1]      ; SW[1]    ; None                        ; None                      ; 1.301 ns                ;
; N/A   ; Restricted to 405.02 MHz ( period = 2.469 ns ) ; dffs:comb_7|d_flip_flop:comb_5|dout ; dffs:comb_7|d_flip_flop:comb_3|dout ; SW[1]      ; SW[1]    ; None                        ; None                      ; 1.123 ns                ;
+-------+------------------------------------------------+-------------------------------------+-------------------------------------+------------+----------+-----------------------------+---------------------------+-------------------------+


+------------------------------------------------------------------------------------------------------------------------------------------------------------------------------------------------------------------------------------------------+
; Clock Setup: 'SW[0]'                                                                                                                                                                                                                           ;
+-------+------------------------------------------------+-------------------------------------+-------------------------------------+------------+----------+-----------------------------+---------------------------+-------------------------+
; Slack ; Actual fmax (period)                           ; From                                ; To                                  ; From Clock ; To Clock ; Required Setup Relationship ; Required Longest P2P Time ; Actual Longest P2P Time ;
+-------+------------------------------------------------+-------------------------------------+-------------------------------------+------------+----------+-----------------------------+---------------------------+-------------------------+
; N/A   ; Restricted to 405.02 MHz ( period = 2.469 ns ) ; dffs:comb_7|d_flip_flop:comb_4|dout ; dffs:comb_7|d_flip_flop:comb_5|dout ; SW[0]      ; SW[0]    ; None                        ; None                      ; 1.795 ns                ;
; N/A   ; Restricted to 405.02 MHz ( period = 2.469 ns ) ; dffs:comb_7|d_flip_flop:comb_3|dout ; dffs:comb_7|d_flip_flop:comb_4|dout ; SW[0]      ; SW[0]    ; None                        ; None                      ; 1.705 ns                ;
; N/A   ; Restricted to 405.02 MHz ( period = 2.469 ns ) ; dffs:comb_7|d_flip_flop:comb_3|dout ; dffs:comb_7|d_flip_flop:comb_5|dout ; SW[0]      ; SW[0]    ; None                        ; None                      ; 1.595 ns                ;
; N/A   ; Restricted to 405.02 MHz ( period = 2.469 ns ) ; dffs:comb_7|d_flip_flop:comb_5|dout ; dffs:comb_7|d_flip_flop:comb_4|dout ; SW[0]      ; SW[0]    ; None                        ; None                      ; 1.592 ns                ;
; N/A   ; Restricted to 405.02 MHz ( period = 2.469 ns ) ; dffs:comb_7|d_flip_flop:comb_5|dout ; dffs:comb_7|d_flip_flop:comb_5|dout ; SW[0]      ; SW[0]    ; None                        ; None                      ; 1.459 ns                ;
; N/A   ; Restricted to 405.02 MHz ( period = 2.469 ns ) ; dffs:comb_7|d_flip_flop:comb_4|dout ; dffs:comb_7|d_flip_flop:comb_3|dout ; SW[0]      ; SW[0]    ; None                        ; None                      ; 1.322 ns                ;
; N/A   ; Restricted to 405.02 MHz ( period = 2.469 ns ) ; dffs:comb_7|d_flip_flop:comb_4|dout ; dffs:comb_7|d_flip_flop:comb_4|dout ; SW[0]      ; SW[0]    ; None                        ; None                      ; 1.316 ns                ;
; N/A   ; Restricted to 405.02 MHz ( period = 2.469 ns ) ; dffs:comb_7|d_flip_flop:comb_3|dout ; dffs:comb_7|d_flip_flop:comb_3|dout ; SW[0]      ; SW[0]    ; None                        ; None                      ; 1.301 ns                ;
; N/A   ; Restricted to 405.02 MHz ( period = 2.469 ns ) ; dffs:comb_7|d_flip_flop:comb_5|dout ; dffs:comb_7|d_flip_flop:comb_3|dout ; SW[0]      ; SW[0]    ; None                        ; None                      ; 1.123 ns                ;
+-------+------------------------------------------------+-------------------------------------+-------------------------------------+------------+----------+-----------------------------+---------------------------+-------------------------+


+------------------------------------------------------------------------------------------------------------------------------------------------------------------------------------------------------------------------------------------------+
; Clock Setup: 'SW[3]'                                                                                                                                                                                                                           ;
+-------+------------------------------------------------+-------------------------------------+-------------------------------------+------------+----------+-----------------------------+---------------------------+-------------------------+
; Slack ; Actual fmax (period)                           ; From                                ; To                                  ; From Clock ; To Clock ; Required Setup Relationship ; Required Longest P2P Time ; Actual Longest P2P Time ;
+-------+------------------------------------------------+-------------------------------------+-------------------------------------+------------+----------+-----------------------------+---------------------------+-------------------------+
; N/A   ; Restricted to 405.02 MHz ( period = 2.469 ns ) ; dffs:comb_7|d_flip_flop:comb_4|dout ; dffs:comb_7|d_flip_flop:comb_5|dout ; SW[3]      ; SW[3]    ; None                        ; None                      ; 1.795 ns                ;
; N/A   ; Restricted to 405.02 MHz ( period = 2.469 ns ) ; dffs:comb_7|d_flip_flop:comb_3|dout ; dffs:comb_7|d_flip_flop:comb_4|dout ; SW[3]      ; SW[3]    ; None                        ; None                      ; 1.705 ns                ;
; N/A   ; Restricted to 405.02 MHz ( period = 2.469 ns ) ; dffs:comb_7|d_flip_flop:comb_3|dout ; dffs:comb_7|d_flip_flop:comb_5|dout ; SW[3]      ; SW[3]    ; None                        ; None                      ; 1.595 ns                ;
; N/A   ; Restricted to 405.02 MHz ( period = 2.469 ns ) ; dffs:comb_7|d_flip_flop:comb_5|dout ; dffs:comb_7|d_flip_flop:comb_4|dout ; SW[3]      ; SW[3]    ; None                        ; None                      ; 1.592 ns                ;
; N/A   ; Restricted to 405.02 MHz ( period = 2.469 ns ) ; dffs:comb_7|d_flip_flop:comb_5|dout ; dffs:comb_7|d_flip_flop:comb_5|dout ; SW[3]      ; SW[3]    ; None                        ; None                      ; 1.459 ns                ;
; N/A   ; Restricted to 405.02 MHz ( period = 2.469 ns ) ; dffs:comb_7|d_flip_flop:comb_4|dout ; dffs:comb_7|d_flip_flop:comb_3|dout ; SW[3]      ; SW[3]    ; None                        ; None                      ; 1.322 ns                ;
; N/A   ; Restricted to 405.02 MHz ( period = 2.469 ns ) ; dffs:comb_7|d_flip_flop:comb_4|dout ; dffs:comb_7|d_flip_flop:comb_4|dout ; SW[3]      ; SW[3]    ; None                        ; None                      ; 1.316 ns                ;
; N/A   ; Restricted to 405.02 MHz ( period = 2.469 ns ) ; dffs:comb_7|d_flip_flop:comb_3|dout ; dffs:comb_7|d_flip_flop:comb_3|dout ; SW[3]      ; SW[3]    ; None                        ; None                      ; 1.301 ns                ;
; N/A   ; Restricted to 405.02 MHz ( period = 2.469 ns ) ; dffs:comb_7|d_flip_flop:comb_5|dout ; dffs:comb_7|d_flip_flop:comb_3|dout ; SW[3]      ; SW[3]    ; None                        ; None                      ; 1.123 ns                ;
+-------+------------------------------------------------+-------------------------------------+-------------------------------------+------------+----------+-----------------------------+---------------------------+-------------------------+


+------------------------------------------------------------------------------------------------------------------------------------------------------------------------------------------------------------------------------------------------+
; Clock Setup: 'SW[2]'                                                                                                                                                                                                                           ;
+-------+------------------------------------------------+-------------------------------------+-------------------------------------+------------+----------+-----------------------------+---------------------------+-------------------------+
; Slack ; Actual fmax (period)                           ; From                                ; To                                  ; From Clock ; To Clock ; Required Setup Relationship ; Required Longest P2P Time ; Actual Longest P2P Time ;
+-------+------------------------------------------------+-------------------------------------+-------------------------------------+------------+----------+-----------------------------+---------------------------+-------------------------+
; N/A   ; Restricted to 405.02 MHz ( period = 2.469 ns ) ; dffs:comb_7|d_flip_flop:comb_4|dout ; dffs:comb_7|d_flip_flop:comb_5|dout ; SW[2]      ; SW[2]    ; None                        ; None                      ; 1.795 ns                ;
; N/A   ; Restricted to 405.02 MHz ( period = 2.469 ns ) ; dffs:comb_7|d_flip_flop:comb_3|dout ; dffs:comb_7|d_flip_flop:comb_4|dout ; SW[2]      ; SW[2]    ; None                        ; None                      ; 1.705 ns                ;
; N/A   ; Restricted to 405.02 MHz ( period = 2.469 ns ) ; dffs:comb_7|d_flip_flop:comb_3|dout ; dffs:comb_7|d_flip_flop:comb_5|dout ; SW[2]      ; SW[2]    ; None                        ; None                      ; 1.595 ns                ;
; N/A   ; Restricted to 405.02 MHz ( period = 2.469 ns ) ; dffs:comb_7|d_flip_flop:comb_5|dout ; dffs:comb_7|d_flip_flop:comb_4|dout ; SW[2]      ; SW[2]    ; None                        ; None                      ; 1.592 ns                ;
; N/A   ; Restricted to 405.02 MHz ( period = 2.469 ns ) ; dffs:comb_7|d_flip_flop:comb_5|dout ; dffs:comb_7|d_flip_flop:comb_5|dout ; SW[2]      ; SW[2]    ; None                        ; None                      ; 1.459 ns                ;
; N/A   ; Restricted to 405.02 MHz ( period = 2.469 ns ) ; dffs:comb_7|d_flip_flop:comb_4|dout ; dffs:comb_7|d_flip_flop:comb_3|dout ; SW[2]      ; SW[2]    ; None                        ; None                      ; 1.322 ns                ;
; N/A   ; Restricted to 405.02 MHz ( period = 2.469 ns ) ; dffs:comb_7|d_flip_flop:comb_4|dout ; dffs:comb_7|d_flip_flop:comb_4|dout ; SW[2]      ; SW[2]    ; None                        ; None                      ; 1.316 ns                ;
; N/A   ; Restricted to 405.02 MHz ( period = 2.469 ns ) ; dffs:comb_7|d_flip_flop:comb_3|dout ; dffs:comb_7|d_flip_flop:comb_3|dout ; SW[2]      ; SW[2]    ; None                        ; None                      ; 1.301 ns                ;
; N/A   ; Restricted to 405.02 MHz ( period = 2.469 ns ) ; dffs:comb_7|d_flip_flop:comb_5|dout ; dffs:comb_7|d_flip_flop:comb_3|dout ; SW[2]      ; SW[2]    ; None                        ; None                      ; 1.123 ns                ;
+-------+------------------------------------------------+-------------------------------------+-------------------------------------+------------+----------+-----------------------------+---------------------------+-------------------------+


+--------------------------------------------------------------------------------------------+
; tsu                                                                                        ;
+-------+--------------+------------+-------+-------------------------------------+----------+
; Slack ; Required tsu ; Actual tsu ; From  ; To                                  ; To Clock ;
+-------+--------------+------------+-------+-------------------------------------+----------+
; N/A   ; None         ; 2.534 ns   ; SW[1] ; dffs:comb_7|d_flip_flop:comb_4|dout ; SW[1]    ;
; N/A   ; None         ; 2.470 ns   ; SW[2] ; dffs:comb_7|d_flip_flop:comb_5|dout ; SW[1]    ;
; N/A   ; None         ; 2.366 ns   ; SW[1] ; dffs:comb_7|d_flip_flop:comb_4|dout ; SW[0]    ;
; N/A   ; None         ; 2.302 ns   ; SW[2] ; dffs:comb_7|d_flip_flop:comb_5|dout ; SW[0]    ;
; N/A   ; None         ; 2.269 ns   ; SW[2] ; dffs:comb_7|d_flip_flop:comb_4|dout ; SW[1]    ;
; N/A   ; None         ; 2.206 ns   ; SW[1] ; dffs:comb_7|d_flip_flop:comb_3|dout ; SW[1]    ;
; N/A   ; None         ; 2.162 ns   ; SW[1] ; dffs:comb_7|d_flip_flop:comb_4|dout ; SW[3]    ;
; N/A   ; None         ; 2.109 ns   ; SW[1] ; dffs:comb_7|d_flip_flop:comb_4|dout ; SW[2]    ;
; N/A   ; None         ; 2.101 ns   ; SW[2] ; dffs:comb_7|d_flip_flop:comb_4|dout ; SW[0]    ;
; N/A   ; None         ; 2.098 ns   ; SW[2] ; dffs:comb_7|d_flip_flop:comb_5|dout ; SW[3]    ;
; N/A   ; None         ; 2.047 ns   ; SW[3] ; dffs:comb_7|d_flip_flop:comb_5|dout ; SW[1]    ;
; N/A   ; None         ; 2.045 ns   ; SW[2] ; dffs:comb_7|d_flip_flop:comb_5|dout ; SW[2]    ;
; N/A   ; None         ; 2.038 ns   ; SW[1] ; dffs:comb_7|d_flip_flop:comb_3|dout ; SW[0]    ;
; N/A   ; None         ; 1.995 ns   ; SW[2] ; dffs:comb_7|d_flip_flop:comb_3|dout ; SW[1]    ;
; N/A   ; None         ; 1.897 ns   ; SW[2] ; dffs:comb_7|d_flip_flop:comb_4|dout ; SW[3]    ;
; N/A   ; None         ; 1.879 ns   ; SW[3] ; dffs:comb_7|d_flip_flop:comb_5|dout ; SW[0]    ;
; N/A   ; None         ; 1.844 ns   ; SW[2] ; dffs:comb_7|d_flip_flop:comb_4|dout ; SW[2]    ;
; N/A   ; None         ; 1.834 ns   ; SW[1] ; dffs:comb_7|d_flip_flop:comb_3|dout ; SW[3]    ;
; N/A   ; None         ; 1.827 ns   ; SW[2] ; dffs:comb_7|d_flip_flop:comb_3|dout ; SW[0]    ;
; N/A   ; None         ; 1.823 ns   ; SW[4] ; dffs:comb_7|d_flip_flop:comb_4|dout ; SW[1]    ;
; N/A   ; None         ; 1.821 ns   ; SW[4] ; dffs:comb_7|d_flip_flop:comb_5|dout ; SW[1]    ;
; N/A   ; None         ; 1.813 ns   ; SW[4] ; dffs:comb_7|d_flip_flop:comb_3|dout ; SW[1]    ;
; N/A   ; None         ; 1.781 ns   ; SW[1] ; dffs:comb_7|d_flip_flop:comb_3|dout ; SW[2]    ;
; N/A   ; None         ; 1.675 ns   ; SW[3] ; dffs:comb_7|d_flip_flop:comb_5|dout ; SW[3]    ;
; N/A   ; None         ; 1.655 ns   ; SW[4] ; dffs:comb_7|d_flip_flop:comb_4|dout ; SW[0]    ;
; N/A   ; None         ; 1.653 ns   ; SW[4] ; dffs:comb_7|d_flip_flop:comb_5|dout ; SW[0]    ;
; N/A   ; None         ; 1.645 ns   ; SW[4] ; dffs:comb_7|d_flip_flop:comb_3|dout ; SW[0]    ;
; N/A   ; None         ; 1.623 ns   ; SW[2] ; dffs:comb_7|d_flip_flop:comb_3|dout ; SW[3]    ;
; N/A   ; None         ; 1.622 ns   ; SW[3] ; dffs:comb_7|d_flip_flop:comb_5|dout ; SW[2]    ;
; N/A   ; None         ; 1.592 ns   ; SW[1] ; dffs:comb_7|d_flip_flop:comb_5|dout ; SW[1]    ;
; N/A   ; None         ; 1.583 ns   ; SW[3] ; dffs:comb_7|d_flip_flop:comb_4|dout ; SW[1]    ;
; N/A   ; None         ; 1.570 ns   ; SW[2] ; dffs:comb_7|d_flip_flop:comb_3|dout ; SW[2]    ;
; N/A   ; None         ; 1.493 ns   ; SW[3] ; dffs:comb_7|d_flip_flop:comb_3|dout ; SW[1]    ;
; N/A   ; None         ; 1.451 ns   ; SW[4] ; dffs:comb_7|d_flip_flop:comb_4|dout ; SW[3]    ;
; N/A   ; None         ; 1.449 ns   ; SW[4] ; dffs:comb_7|d_flip_flop:comb_5|dout ; SW[3]    ;
; N/A   ; None         ; 1.441 ns   ; SW[4] ; dffs:comb_7|d_flip_flop:comb_3|dout ; SW[3]    ;
; N/A   ; None         ; 1.424 ns   ; SW[1] ; dffs:comb_7|d_flip_flop:comb_5|dout ; SW[0]    ;
; N/A   ; None         ; 1.415 ns   ; SW[3] ; dffs:comb_7|d_flip_flop:comb_4|dout ; SW[0]    ;
; N/A   ; None         ; 1.398 ns   ; SW[4] ; dffs:comb_7|d_flip_flop:comb_4|dout ; SW[2]    ;
; N/A   ; None         ; 1.396 ns   ; SW[4] ; dffs:comb_7|d_flip_flop:comb_5|dout ; SW[2]    ;
; N/A   ; None         ; 1.388 ns   ; SW[4] ; dffs:comb_7|d_flip_flop:comb_3|dout ; SW[2]    ;
; N/A   ; None         ; 1.325 ns   ; SW[3] ; dffs:comb_7|d_flip_flop:comb_3|dout ; SW[0]    ;
; N/A   ; None         ; 1.220 ns   ; SW[1] ; dffs:comb_7|d_flip_flop:comb_5|dout ; SW[3]    ;
; N/A   ; None         ; 1.211 ns   ; SW[3] ; dffs:comb_7|d_flip_flop:comb_4|dout ; SW[3]    ;
; N/A   ; None         ; 1.167 ns   ; SW[1] ; dffs:comb_7|d_flip_flop:comb_5|dout ; SW[2]    ;
; N/A   ; None         ; 1.158 ns   ; SW[3] ; dffs:comb_7|d_flip_flop:comb_4|dout ; SW[2]    ;
; N/A   ; None         ; 1.121 ns   ; SW[3] ; dffs:comb_7|d_flip_flop:comb_3|dout ; SW[3]    ;
; N/A   ; None         ; 1.068 ns   ; SW[3] ; dffs:comb_7|d_flip_flop:comb_3|dout ; SW[2]    ;
+-------+--------------+------------+-------+-------------------------------------+----------+


+-------------------------------------------------------------------------------------------------------------------------------------------------------------------------+
; tco                                                                                                                                                                     ;
+-----------------------------------------+-----------------------------------------------------+------------+-------------------------------------+---------+------------+
; Slack                                   ; Required tco                                        ; Actual tco ; From                                ; To      ; From Clock ;
+-----------------------------------------+-----------------------------------------------------+------------+-------------------------------------+---------+------------+
; N/A                                     ; None                                                ; 11.183 ns  ; dffs:comb_7|d_flip_flop:comb_4|dout ; HEX7[6] ; SW[2]      ;
; N/A                                     ; None                                                ; 11.179 ns  ; dffs:comb_7|d_flip_flop:comb_4|dout ; HEX7[3] ; SW[2]      ;
; N/A                                     ; None                                                ; 11.172 ns  ; dffs:comb_7|d_flip_flop:comb_4|dout ; HEX7[5] ; SW[2]      ;
; N/A                                     ; None                                                ; 11.171 ns  ; dffs:comb_7|d_flip_flop:comb_4|dout ; HEX7[2] ; SW[2]      ;
; N/A                                     ; None                                                ; 11.161 ns  ; dffs:comb_7|d_flip_flop:comb_4|dout ; HEX0[0] ; SW[2]      ;
; N/A                                     ; None                                                ; 11.161 ns  ; dffs:comb_7|d_flip_flop:comb_4|dout ; HEX0[3] ; SW[2]      ;
; N/A                                     ; None                                                ; 11.161 ns  ; dffs:comb_7|d_flip_flop:comb_4|dout ; HEX0[4] ; SW[2]      ;
; N/A                                     ; None                                                ; 11.160 ns  ; dffs:comb_7|d_flip_flop:comb_5|dout ; HEX7[6] ; SW[2]      ;
; N/A                                     ; None                                                ; 11.151 ns  ; dffs:comb_7|d_flip_flop:comb_5|dout ; HEX7[3] ; SW[2]      ;
; N/A                                     ; None                                                ; 11.149 ns  ; dffs:comb_7|d_flip_flop:comb_5|dout ; HEX7[5] ; SW[2]      ;
; N/A                                     ; None                                                ; 11.135 ns  ; dffs:comb_7|d_flip_flop:comb_5|dout ; HEX0[0] ; SW[2]      ;
; N/A                                     ; None                                                ; 11.135 ns  ; dffs:comb_7|d_flip_flop:comb_5|dout ; HEX0[3] ; SW[2]      ;
; N/A                                     ; None                                                ; 11.135 ns  ; dffs:comb_7|d_flip_flop:comb_5|dout ; HEX0[4] ; SW[2]      ;
; N/A                                     ; None                                                ; 11.130 ns  ; dffs:comb_7|d_flip_flop:comb_4|dout ; HEX7[6] ; SW[3]      ;
; N/A                                     ; None                                                ; 11.126 ns  ; dffs:comb_7|d_flip_flop:comb_4|dout ; HEX7[3] ; SW[3]      ;
; N/A                                     ; None                                                ; 11.119 ns  ; dffs:comb_7|d_flip_flop:comb_4|dout ; HEX7[5] ; SW[3]      ;
; N/A                                     ; None                                                ; 11.118 ns  ; dffs:comb_7|d_flip_flop:comb_4|dout ; HEX7[2] ; SW[3]      ;
; N/A                                     ; None                                                ; 11.108 ns  ; dffs:comb_7|d_flip_flop:comb_4|dout ; HEX0[0] ; SW[3]      ;
; N/A                                     ; None                                                ; 11.108 ns  ; dffs:comb_7|d_flip_flop:comb_4|dout ; HEX0[3] ; SW[3]      ;
; N/A                                     ; None                                                ; 11.108 ns  ; dffs:comb_7|d_flip_flop:comb_4|dout ; HEX0[4] ; SW[3]      ;
; N/A                                     ; None                                                ; 11.107 ns  ; dffs:comb_7|d_flip_flop:comb_5|dout ; HEX7[6] ; SW[3]      ;
; N/A                                     ; None                                                ; 11.098 ns  ; dffs:comb_7|d_flip_flop:comb_5|dout ; HEX7[3] ; SW[3]      ;
; N/A                                     ; None                                                ; 11.096 ns  ; dffs:comb_7|d_flip_flop:comb_5|dout ; HEX7[5] ; SW[3]      ;
; N/A                                     ; None                                                ; 11.082 ns  ; dffs:comb_7|d_flip_flop:comb_5|dout ; HEX0[0] ; SW[3]      ;
; N/A                                     ; None                                                ; 11.082 ns  ; dffs:comb_7|d_flip_flop:comb_5|dout ; HEX0[3] ; SW[3]      ;
; N/A                                     ; None                                                ; 11.082 ns  ; dffs:comb_7|d_flip_flop:comb_5|dout ; HEX0[4] ; SW[3]      ;
; N/A                                     ; None                                                ; 11.080 ns  ; dffs:comb_7|d_flip_flop:comb_5|dout ; HEX7[2] ; SW[2]      ;
; N/A                                     ; None                                                ; 11.027 ns  ; dffs:comb_7|d_flip_flop:comb_5|dout ; HEX7[2] ; SW[3]      ;
; N/A                                     ; None                                                ; 11.004 ns  ; dffs:comb_7|d_flip_flop:comb_3|dout ; HEX3[6] ; SW[2]      ;
; N/A                                     ; None                                                ; 10.997 ns  ; dffs:comb_7|d_flip_flop:comb_3|dout ; HEX7[6] ; SW[2]      ;
; N/A                                     ; None                                                ; 10.986 ns  ; dffs:comb_7|d_flip_flop:comb_3|dout ; HEX7[3] ; SW[2]      ;
; N/A                                     ; None                                                ; 10.986 ns  ; dffs:comb_7|d_flip_flop:comb_3|dout ; HEX7[5] ; SW[2]      ;
; N/A                                     ; None                                                ; 10.978 ns  ; dffs:comb_7|d_flip_flop:comb_3|dout ; HEX7[2] ; SW[2]      ;
; N/A                                     ; None                                                ; 10.977 ns  ; dffs:comb_7|d_flip_flop:comb_3|dout ; HEX3[1] ; SW[2]      ;
; N/A                                     ; None                                                ; 10.970 ns  ; dffs:comb_7|d_flip_flop:comb_3|dout ; HEX0[0] ; SW[2]      ;
; N/A                                     ; None                                                ; 10.970 ns  ; dffs:comb_7|d_flip_flop:comb_3|dout ; HEX0[3] ; SW[2]      ;
; N/A                                     ; None                                                ; 10.970 ns  ; dffs:comb_7|d_flip_flop:comb_3|dout ; HEX0[4] ; SW[2]      ;
; N/A                                     ; None                                                ; 10.957 ns  ; dffs:comb_7|d_flip_flop:comb_3|dout ; HEX1[1] ; SW[2]      ;
; N/A                                     ; None                                                ; 10.951 ns  ; dffs:comb_7|d_flip_flop:comb_3|dout ; HEX3[6] ; SW[3]      ;
; N/A                                     ; None                                                ; 10.944 ns  ; dffs:comb_7|d_flip_flop:comb_3|dout ; HEX7[6] ; SW[3]      ;
; N/A                                     ; None                                                ; 10.933 ns  ; dffs:comb_7|d_flip_flop:comb_3|dout ; HEX7[3] ; SW[3]      ;
; N/A                                     ; None                                                ; 10.933 ns  ; dffs:comb_7|d_flip_flop:comb_3|dout ; HEX7[5] ; SW[3]      ;
; N/A                                     ; None                                                ; 10.926 ns  ; dffs:comb_7|d_flip_flop:comb_4|dout ; HEX7[6] ; SW[0]      ;
; N/A                                     ; None                                                ; 10.925 ns  ; dffs:comb_7|d_flip_flop:comb_3|dout ; HEX7[2] ; SW[3]      ;
; N/A                                     ; None                                                ; 10.924 ns  ; dffs:comb_7|d_flip_flop:comb_3|dout ; HEX3[1] ; SW[3]      ;
; N/A                                     ; None                                                ; 10.922 ns  ; dffs:comb_7|d_flip_flop:comb_4|dout ; HEX7[3] ; SW[0]      ;
; N/A                                     ; None                                                ; 10.917 ns  ; dffs:comb_7|d_flip_flop:comb_3|dout ; HEX0[0] ; SW[3]      ;
; N/A                                     ; None                                                ; 10.917 ns  ; dffs:comb_7|d_flip_flop:comb_3|dout ; HEX0[3] ; SW[3]      ;
; N/A                                     ; None                                                ; 10.917 ns  ; dffs:comb_7|d_flip_flop:comb_3|dout ; HEX0[4] ; SW[3]      ;
; N/A                                     ; None                                                ; 10.915 ns  ; dffs:comb_7|d_flip_flop:comb_4|dout ; HEX7[5] ; SW[0]      ;
; N/A                                     ; None                                                ; 10.914 ns  ; dffs:comb_7|d_flip_flop:comb_4|dout ; HEX7[2] ; SW[0]      ;
; N/A                                     ; None                                                ; 10.904 ns  ; dffs:comb_7|d_flip_flop:comb_4|dout ; HEX0[0] ; SW[0]      ;
; N/A                                     ; None                                                ; 10.904 ns  ; dffs:comb_7|d_flip_flop:comb_4|dout ; HEX0[3] ; SW[0]      ;
; N/A                                     ; None                                                ; 10.904 ns  ; dffs:comb_7|d_flip_flop:comb_4|dout ; HEX0[4] ; SW[0]      ;
; N/A                                     ; None                                                ; 10.904 ns  ; dffs:comb_7|d_flip_flop:comb_3|dout ; HEX1[1] ; SW[3]      ;
; N/A                                     ; None                                                ; 10.903 ns  ; dffs:comb_7|d_flip_flop:comb_5|dout ; HEX7[6] ; SW[0]      ;
; N/A                                     ; None                                                ; 10.894 ns  ; dffs:comb_7|d_flip_flop:comb_5|dout ; HEX7[3] ; SW[0]      ;
; N/A                                     ; None                                                ; 10.892 ns  ; dffs:comb_7|d_flip_flop:comb_5|dout ; HEX7[5] ; SW[0]      ;
; N/A                                     ; None                                                ; 10.878 ns  ; dffs:comb_7|d_flip_flop:comb_5|dout ; HEX0[0] ; SW[0]      ;
; N/A                                     ; None                                                ; 10.878 ns  ; dffs:comb_7|d_flip_flop:comb_5|dout ; HEX0[3] ; SW[0]      ;
; N/A                                     ; None                                                ; 10.878 ns  ; dffs:comb_7|d_flip_flop:comb_5|dout ; HEX0[4] ; SW[0]      ;
; N/A                                     ; None                                                ; 10.867 ns  ; dffs:comb_7|d_flip_flop:comb_5|dout ; HEX0[6] ; SW[2]      ;
; N/A                                     ; None                                                ; 10.863 ns  ; dffs:comb_7|d_flip_flop:comb_5|dout ; HEX1[6] ; SW[2]      ;
; N/A                                     ; None                                                ; 10.823 ns  ; dffs:comb_7|d_flip_flop:comb_5|dout ; HEX7[2] ; SW[0]      ;
; N/A                                     ; None                                                ; 10.820 ns  ; dffs:comb_7|d_flip_flop:comb_4|dout ; HEX7[4] ; SW[2]      ;
; N/A                                     ; None                                                ; 10.817 ns  ; dffs:comb_7|d_flip_flop:comb_5|dout ; HEX7[0] ; SW[2]      ;
; N/A                                     ; None                                                ; 10.814 ns  ; dffs:comb_7|d_flip_flop:comb_5|dout ; HEX0[6] ; SW[3]      ;
; N/A                                     ; None                                                ; 10.810 ns  ; dffs:comb_7|d_flip_flop:comb_4|dout ; HEX7[1] ; SW[2]      ;
; N/A                                     ; None                                                ; 10.810 ns  ; dffs:comb_7|d_flip_flop:comb_4|dout ; HEX0[1] ; SW[2]      ;
; N/A                                     ; None                                                ; 10.810 ns  ; dffs:comb_7|d_flip_flop:comb_5|dout ; HEX1[6] ; SW[3]      ;
; N/A                                     ; None                                                ; 10.799 ns  ; dffs:comb_7|d_flip_flop:comb_4|dout ; HEX3[6] ; SW[2]      ;
; N/A                                     ; None                                                ; 10.797 ns  ; dffs:comb_7|d_flip_flop:comb_5|dout ; HEX7[4] ; SW[2]      ;
; N/A                                     ; None                                                ; 10.790 ns  ; dffs:comb_7|d_flip_flop:comb_5|dout ; HEX0[1] ; SW[2]      ;
; N/A                                     ; None                                                ; 10.786 ns  ; dffs:comb_7|d_flip_flop:comb_5|dout ; HEX7[1] ; SW[2]      ;
; N/A                                     ; None                                                ; 10.780 ns  ; dffs:comb_7|d_flip_flop:comb_3|dout ; HEX1[6] ; SW[2]      ;
; N/A                                     ; None                                                ; 10.779 ns  ; dffs:comb_7|d_flip_flop:comb_4|dout ; HEX3[1] ; SW[2]      ;
; N/A                                     ; None                                                ; 10.767 ns  ; dffs:comb_7|d_flip_flop:comb_4|dout ; HEX7[4] ; SW[3]      ;
; N/A                                     ; None                                                ; 10.764 ns  ; dffs:comb_7|d_flip_flop:comb_5|dout ; HEX7[0] ; SW[3]      ;
; N/A                                     ; None                                                ; 10.759 ns  ; dffs:comb_7|d_flip_flop:comb_4|dout ; HEX7[0] ; SW[2]      ;
; N/A                                     ; None                                                ; 10.759 ns  ; dffs:comb_7|d_flip_flop:comb_4|dout ; HEX1[1] ; SW[2]      ;
; N/A                                     ; None                                                ; 10.758 ns  ; dffs:comb_7|d_flip_flop:comb_4|dout ; HEX7[6] ; SW[1]      ;
; N/A                                     ; None                                                ; 10.757 ns  ; dffs:comb_7|d_flip_flop:comb_4|dout ; HEX7[1] ; SW[3]      ;
; N/A                                     ; None                                                ; 10.757 ns  ; dffs:comb_7|d_flip_flop:comb_4|dout ; HEX0[1] ; SW[3]      ;
; N/A                                     ; None                                                ; 10.754 ns  ; dffs:comb_7|d_flip_flop:comb_4|dout ; HEX7[3] ; SW[1]      ;
; N/A                                     ; None                                                ; 10.749 ns  ; dffs:comb_7|d_flip_flop:comb_3|dout ; HEX0[6] ; SW[2]      ;
; N/A                                     ; None                                                ; 10.747 ns  ; dffs:comb_7|d_flip_flop:comb_4|dout ; HEX7[5] ; SW[1]      ;
; N/A                                     ; None                                                ; 10.747 ns  ; dffs:comb_7|d_flip_flop:comb_3|dout ; HEX3[6] ; SW[0]      ;
; N/A                                     ; None                                                ; 10.746 ns  ; dffs:comb_7|d_flip_flop:comb_4|dout ; HEX7[2] ; SW[1]      ;
; N/A                                     ; None                                                ; 10.746 ns  ; dffs:comb_7|d_flip_flop:comb_4|dout ; HEX3[6] ; SW[3]      ;
; N/A                                     ; None                                                ; 10.744 ns  ; dffs:comb_7|d_flip_flop:comb_5|dout ; HEX7[4] ; SW[3]      ;
; N/A                                     ; None                                                ; 10.740 ns  ; dffs:comb_7|d_flip_flop:comb_3|dout ; HEX7[6] ; SW[0]      ;
; N/A                                     ; None                                                ; 10.737 ns  ; dffs:comb_7|d_flip_flop:comb_5|dout ; HEX0[1] ; SW[3]      ;
; N/A                                     ; None                                                ; 10.736 ns  ; dffs:comb_7|d_flip_flop:comb_4|dout ; HEX0[0] ; SW[1]      ;
; N/A                                     ; None                                                ; 10.736 ns  ; dffs:comb_7|d_flip_flop:comb_4|dout ; HEX0[3] ; SW[1]      ;
; N/A                                     ; None                                                ; 10.736 ns  ; dffs:comb_7|d_flip_flop:comb_4|dout ; HEX0[4] ; SW[1]      ;
; N/A                                     ; None                                                ; 10.735 ns  ; dffs:comb_7|d_flip_flop:comb_5|dout ; HEX7[6] ; SW[1]      ;
; N/A                                     ; None                                                ; 10.733 ns  ; dffs:comb_7|d_flip_flop:comb_5|dout ; HEX7[1] ; SW[3]      ;
; N/A                                     ; None                                                ; 10.729 ns  ; dffs:comb_7|d_flip_flop:comb_3|dout ; HEX7[3] ; SW[0]      ;
; N/A                                     ; None                                                ; 10.729 ns  ; dffs:comb_7|d_flip_flop:comb_3|dout ; HEX7[5] ; SW[0]      ;
; N/A                                     ; None                                                ; 10.727 ns  ; dffs:comb_7|d_flip_flop:comb_3|dout ; HEX1[6] ; SW[3]      ;
; N/A                                     ; None                                                ; 10.726 ns  ; dffs:comb_7|d_flip_flop:comb_5|dout ; HEX7[3] ; SW[1]      ;
; N/A                                     ; None                                                ; 10.726 ns  ; dffs:comb_7|d_flip_flop:comb_4|dout ; HEX3[1] ; SW[3]      ;
; N/A                                     ; None                                                ; 10.724 ns  ; dffs:comb_7|d_flip_flop:comb_5|dout ; HEX7[5] ; SW[1]      ;
; N/A                                     ; None                                                ; 10.721 ns  ; dffs:comb_7|d_flip_flop:comb_3|dout ; HEX7[2] ; SW[0]      ;
; N/A                                     ; None                                                ; 10.720 ns  ; dffs:comb_7|d_flip_flop:comb_3|dout ; HEX3[1] ; SW[0]      ;
; N/A                                     ; None                                                ; 10.713 ns  ; dffs:comb_7|d_flip_flop:comb_3|dout ; HEX0[0] ; SW[0]      ;
; N/A                                     ; None                                                ; 10.713 ns  ; dffs:comb_7|d_flip_flop:comb_3|dout ; HEX0[3] ; SW[0]      ;
; N/A                                     ; None                                                ; 10.713 ns  ; dffs:comb_7|d_flip_flop:comb_3|dout ; HEX0[4] ; SW[0]      ;
; N/A                                     ; None                                                ; 10.710 ns  ; dffs:comb_7|d_flip_flop:comb_5|dout ; HEX0[0] ; SW[1]      ;
; N/A                                     ; None                                                ; 10.710 ns  ; dffs:comb_7|d_flip_flop:comb_5|dout ; HEX0[3] ; SW[1]      ;
; N/A                                     ; None                                                ; 10.710 ns  ; dffs:comb_7|d_flip_flop:comb_5|dout ; HEX0[4] ; SW[1]      ;
; N/A                                     ; None                                                ; 10.706 ns  ; dffs:comb_7|d_flip_flop:comb_4|dout ; HEX7[0] ; SW[3]      ;
; N/A                                     ; None                                                ; 10.706 ns  ; dffs:comb_7|d_flip_flop:comb_4|dout ; HEX1[1] ; SW[3]      ;
; N/A                                     ; None                                                ; 10.700 ns  ; dffs:comb_7|d_flip_flop:comb_3|dout ; HEX1[1] ; SW[0]      ;
; N/A                                     ; None                                                ; 10.696 ns  ; dffs:comb_7|d_flip_flop:comb_3|dout ; HEX0[6] ; SW[3]      ;
; N/A                                     ; None                                                ; 10.666 ns  ; dffs:comb_7|d_flip_flop:comb_5|dout ; HEX1[2] ; SW[2]      ;
; N/A                                     ; None                                                ; 10.657 ns  ; dffs:comb_7|d_flip_flop:comb_3|dout ; HEX7[0] ; SW[2]      ;
; N/A                                     ; None                                                ; 10.655 ns  ; dffs:comb_7|d_flip_flop:comb_5|dout ; HEX7[2] ; SW[1]      ;
; N/A                                     ; None                                                ; 10.633 ns  ; dffs:comb_7|d_flip_flop:comb_3|dout ; HEX7[4] ; SW[2]      ;
; N/A                                     ; None                                                ; 10.626 ns  ; dffs:comb_7|d_flip_flop:comb_3|dout ; HEX0[1] ; SW[2]      ;
; N/A                                     ; None                                                ; 10.622 ns  ; dffs:comb_7|d_flip_flop:comb_3|dout ; HEX7[1] ; SW[2]      ;
; N/A                                     ; None                                                ; 10.622 ns  ; dffs:comb_7|d_flip_flop:comb_3|dout ; HEX3[5] ; SW[2]      ;
; N/A                                     ; None                                                ; 10.613 ns  ; dffs:comb_7|d_flip_flop:comb_5|dout ; HEX1[2] ; SW[3]      ;
; N/A                                     ; None                                                ; 10.610 ns  ; dffs:comb_7|d_flip_flop:comb_5|dout ; HEX0[6] ; SW[0]      ;
; N/A                                     ; None                                                ; 10.606 ns  ; dffs:comb_7|d_flip_flop:comb_5|dout ; HEX1[6] ; SW[0]      ;
; N/A                                     ; None                                                ; 10.604 ns  ; dffs:comb_7|d_flip_flop:comb_3|dout ; HEX7[0] ; SW[3]      ;
; N/A                                     ; None                                                ; 10.580 ns  ; dffs:comb_7|d_flip_flop:comb_3|dout ; HEX7[4] ; SW[3]      ;
; N/A                                     ; None                                                ; 10.579 ns  ; dffs:comb_7|d_flip_flop:comb_3|dout ; HEX3[6] ; SW[1]      ;
; N/A                                     ; None                                                ; 10.573 ns  ; dffs:comb_7|d_flip_flop:comb_3|dout ; HEX0[1] ; SW[3]      ;
; N/A                                     ; None                                                ; 10.572 ns  ; dffs:comb_7|d_flip_flop:comb_3|dout ; HEX7[6] ; SW[1]      ;
; N/A                                     ; None                                                ; 10.569 ns  ; dffs:comb_7|d_flip_flop:comb_3|dout ; HEX7[1] ; SW[3]      ;
; N/A                                     ; None                                                ; 10.569 ns  ; dffs:comb_7|d_flip_flop:comb_3|dout ; HEX3[5] ; SW[3]      ;
; N/A                                     ; None                                                ; 10.563 ns  ; dffs:comb_7|d_flip_flop:comb_4|dout ; HEX7[4] ; SW[0]      ;
; N/A                                     ; None                                                ; 10.561 ns  ; dffs:comb_7|d_flip_flop:comb_3|dout ; HEX7[3] ; SW[1]      ;
; N/A                                     ; None                                                ; 10.561 ns  ; dffs:comb_7|d_flip_flop:comb_3|dout ; HEX7[5] ; SW[1]      ;
; N/A                                     ; None                                                ; 10.560 ns  ; dffs:comb_7|d_flip_flop:comb_5|dout ; HEX7[0] ; SW[0]      ;
; N/A                                     ; None                                                ; 10.553 ns  ; dffs:comb_7|d_flip_flop:comb_4|dout ; HEX7[1] ; SW[0]      ;
; N/A                                     ; None                                                ; 10.553 ns  ; dffs:comb_7|d_flip_flop:comb_3|dout ; HEX7[2] ; SW[1]      ;
; N/A                                     ; None                                                ; 10.553 ns  ; dffs:comb_7|d_flip_flop:comb_4|dout ; HEX0[1] ; SW[0]      ;
; N/A                                     ; None                                                ; 10.552 ns  ; dffs:comb_7|d_flip_flop:comb_3|dout ; HEX3[1] ; SW[1]      ;
; N/A                                     ; None                                                ; 10.547 ns  ; dffs:comb_7|d_flip_flop:comb_3|dout ; HEX1[2] ; SW[2]      ;
; N/A                                     ; None                                                ; 10.545 ns  ; dffs:comb_7|d_flip_flop:comb_3|dout ; HEX0[0] ; SW[1]      ;
; N/A                                     ; None                                                ; 10.545 ns  ; dffs:comb_7|d_flip_flop:comb_3|dout ; HEX0[3] ; SW[1]      ;
; N/A                                     ; None                                                ; 10.545 ns  ; dffs:comb_7|d_flip_flop:comb_3|dout ; HEX0[4] ; SW[1]      ;
; N/A                                     ; None                                                ; 10.542 ns  ; dffs:comb_7|d_flip_flop:comb_4|dout ; HEX3[6] ; SW[0]      ;
; N/A                                     ; None                                                ; 10.540 ns  ; dffs:comb_7|d_flip_flop:comb_5|dout ; HEX7[4] ; SW[0]      ;
; N/A                                     ; None                                                ; 10.533 ns  ; dffs:comb_7|d_flip_flop:comb_5|dout ; HEX0[1] ; SW[0]      ;
; N/A                                     ; None                                                ; 10.532 ns  ; dffs:comb_7|d_flip_flop:comb_3|dout ; HEX1[1] ; SW[1]      ;
; N/A                                     ; None                                                ; 10.529 ns  ; dffs:comb_7|d_flip_flop:comb_5|dout ; HEX7[1] ; SW[0]      ;
; N/A                                     ; None                                                ; 10.523 ns  ; dffs:comb_7|d_flip_flop:comb_3|dout ; HEX1[6] ; SW[0]      ;
; N/A                                     ; None                                                ; 10.522 ns  ; dffs:comb_7|d_flip_flop:comb_4|dout ; HEX3[1] ; SW[0]      ;
; N/A                                     ; None                                                ; 10.502 ns  ; dffs:comb_7|d_flip_flop:comb_4|dout ; HEX7[0] ; SW[0]      ;
; N/A                                     ; None                                                ; 10.502 ns  ; dffs:comb_7|d_flip_flop:comb_4|dout ; HEX1[1] ; SW[0]      ;
; N/A                                     ; None                                                ; 10.494 ns  ; dffs:comb_7|d_flip_flop:comb_3|dout ; HEX1[2] ; SW[3]      ;
; N/A                                     ; None                                                ; 10.492 ns  ; dffs:comb_7|d_flip_flop:comb_3|dout ; HEX0[6] ; SW[0]      ;
; N/A                                     ; None                                                ; 10.442 ns  ; dffs:comb_7|d_flip_flop:comb_5|dout ; HEX0[6] ; SW[1]      ;
; N/A                                     ; None                                                ; 10.438 ns  ; dffs:comb_7|d_flip_flop:comb_5|dout ; HEX1[6] ; SW[1]      ;
; N/A                                     ; None                                                ; 10.431 ns  ; dffs:comb_7|d_flip_flop:comb_4|dout ; HEX1[6] ; SW[2]      ;
; N/A                                     ; None                                                ; 10.419 ns  ; dffs:comb_7|d_flip_flop:comb_4|dout ; HEX3[5] ; SW[2]      ;
; N/A                                     ; None                                                ; 10.409 ns  ; dffs:comb_7|d_flip_flop:comb_5|dout ; HEX1[2] ; SW[0]      ;
; N/A                                     ; None                                                ; 10.402 ns  ; dffs:comb_7|d_flip_flop:comb_4|dout ; HEX0[6] ; SW[2]      ;
; N/A                                     ; None                                                ; 10.400 ns  ; dffs:comb_7|d_flip_flop:comb_3|dout ; HEX7[0] ; SW[0]      ;
; N/A                                     ; None                                                ; 10.395 ns  ; dffs:comb_7|d_flip_flop:comb_4|dout ; HEX7[4] ; SW[1]      ;
; N/A                                     ; None                                                ; 10.392 ns  ; dffs:comb_7|d_flip_flop:comb_5|dout ; HEX7[0] ; SW[1]      ;
; N/A                                     ; None                                                ; 10.391 ns  ; dffs:comb_7|d_flip_flop:comb_5|dout ; HEX1[0] ; SW[2]      ;
; N/A                                     ; None                                                ; 10.389 ns  ; dffs:comb_7|d_flip_flop:comb_5|dout ; HEX0[5] ; SW[2]      ;
; N/A                                     ; None                                                ; 10.385 ns  ; dffs:comb_7|d_flip_flop:comb_4|dout ; HEX7[1] ; SW[1]      ;
; N/A                                     ; None                                                ; 10.385 ns  ; dffs:comb_7|d_flip_flop:comb_4|dout ; HEX0[1] ; SW[1]      ;
; N/A                                     ; None                                                ; 10.381 ns  ; dffs:comb_7|d_flip_flop:comb_5|dout ; HEX1[4] ; SW[2]      ;
; N/A                                     ; None                                                ; 10.378 ns  ; dffs:comb_7|d_flip_flop:comb_4|dout ; HEX1[6] ; SW[3]      ;
; N/A                                     ; None                                                ; 10.376 ns  ; dffs:comb_7|d_flip_flop:comb_3|dout ; HEX7[4] ; SW[0]      ;
; N/A                                     ; None                                                ; 10.374 ns  ; dffs:comb_7|d_flip_flop:comb_4|dout ; HEX3[6] ; SW[1]      ;
; N/A                                     ; None                                                ; 10.372 ns  ; dffs:comb_7|d_flip_flop:comb_5|dout ; HEX7[4] ; SW[1]      ;
; N/A                                     ; None                                                ; 10.371 ns  ; dffs:comb_7|d_flip_flop:comb_5|dout ; HEX1[3] ; SW[2]      ;
; N/A                                     ; None                                                ; 10.369 ns  ; dffs:comb_7|d_flip_flop:comb_3|dout ; HEX0[1] ; SW[0]      ;
; N/A                                     ; None                                                ; 10.369 ns  ; dffs:comb_7|d_flip_flop:comb_5|dout ; HEX0[2] ; SW[2]      ;
; N/A                                     ; None                                                ; 10.366 ns  ; dffs:comb_7|d_flip_flop:comb_4|dout ; HEX3[5] ; SW[3]      ;
; N/A                                     ; None                                                ; 10.365 ns  ; dffs:comb_7|d_flip_flop:comb_3|dout ; HEX7[1] ; SW[0]      ;
; N/A                                     ; None                                                ; 10.365 ns  ; dffs:comb_7|d_flip_flop:comb_5|dout ; HEX0[1] ; SW[1]      ;
; N/A                                     ; None                                                ; 10.365 ns  ; dffs:comb_7|d_flip_flop:comb_3|dout ; HEX3[5] ; SW[0]      ;
; N/A                                     ; None                                                ; 10.361 ns  ; dffs:comb_7|d_flip_flop:comb_5|dout ; HEX7[1] ; SW[1]      ;
; N/A                                     ; None                                                ; 10.355 ns  ; dffs:comb_7|d_flip_flop:comb_3|dout ; HEX1[6] ; SW[1]      ;
; N/A                                     ; None                                                ; 10.354 ns  ; dffs:comb_7|d_flip_flop:comb_4|dout ; HEX3[1] ; SW[1]      ;
; N/A                                     ; None                                                ; 10.349 ns  ; dffs:comb_7|d_flip_flop:comb_4|dout ; HEX0[6] ; SW[3]      ;
; N/A                                     ; None                                                ; 10.338 ns  ; dffs:comb_7|d_flip_flop:comb_5|dout ; HEX1[0] ; SW[3]      ;
; N/A                                     ; None                                                ; 10.336 ns  ; dffs:comb_7|d_flip_flop:comb_5|dout ; HEX0[5] ; SW[3]      ;
; N/A                                     ; None                                                ; 10.334 ns  ; dffs:comb_7|d_flip_flop:comb_4|dout ; HEX7[0] ; SW[1]      ;
; N/A                                     ; None                                                ; 10.334 ns  ; dffs:comb_7|d_flip_flop:comb_4|dout ; HEX1[1] ; SW[1]      ;
; N/A                                     ; None                                                ; 10.328 ns  ; dffs:comb_7|d_flip_flop:comb_5|dout ; HEX1[4] ; SW[3]      ;
; N/A                                     ; None                                                ; 10.324 ns  ; dffs:comb_7|d_flip_flop:comb_3|dout ; HEX0[6] ; SW[1]      ;
; N/A                                     ; None                                                ; 10.318 ns  ; dffs:comb_7|d_flip_flop:comb_5|dout ; HEX1[3] ; SW[3]      ;
; N/A                                     ; None                                                ; 10.316 ns  ; dffs:comb_7|d_flip_flop:comb_5|dout ; HEX0[2] ; SW[3]      ;
; N/A                                     ; None                                                ; 10.290 ns  ; dffs:comb_7|d_flip_flop:comb_3|dout ; HEX1[2] ; SW[0]      ;
; N/A                                     ; None                                                ; 10.273 ns  ; dffs:comb_7|d_flip_flop:comb_3|dout ; HEX1[0] ; SW[2]      ;
; N/A                                     ; None                                                ; 10.267 ns  ; dffs:comb_7|d_flip_flop:comb_3|dout ; HEX0[5] ; SW[2]      ;
; N/A                                     ; None                                                ; 10.263 ns  ; dffs:comb_7|d_flip_flop:comb_3|dout ; HEX1[4] ; SW[2]      ;
; N/A                                     ; None                                                ; 10.253 ns  ; dffs:comb_7|d_flip_flop:comb_3|dout ; HEX1[3] ; SW[2]      ;
; N/A                                     ; None                                                ; 10.247 ns  ; dffs:comb_7|d_flip_flop:comb_3|dout ; HEX0[2] ; SW[2]      ;
; N/A                                     ; None                                                ; 10.241 ns  ; dffs:comb_7|d_flip_flop:comb_5|dout ; HEX1[2] ; SW[1]      ;
; N/A                                     ; None                                                ; 10.232 ns  ; dffs:comb_7|d_flip_flop:comb_3|dout ; HEX7[0] ; SW[1]      ;
; Timing analysis restricted to 200 rows. ; To change the limit use Settings (Assignments menu) ;            ;                                     ;         ;            ;
+-----------------------------------------+-----------------------------------------------------+------------+-------------------------------------+---------+------------+


+---------------------------------------------------------------+
; tpd                                                           ;
+-------+-------------------+-----------------+-------+---------+
; Slack ; Required P2P Time ; Actual P2P Time ; From  ; To      ;
+-------+-------------------+-----------------+-------+---------+
; N/A   ; None              ; 6.273 ns        ; SW[2] ; HEX4[0] ;
; N/A   ; None              ; 6.273 ns        ; SW[2] ; HEX4[3] ;
; N/A   ; None              ; 6.273 ns        ; SW[2] ; HEX4[4] ;
; N/A   ; None              ; 6.252 ns        ; SW[2] ; HEX4[5] ;
; N/A   ; None              ; 6.220 ns        ; SW[3] ; HEX4[0] ;
; N/A   ; None              ; 6.220 ns        ; SW[3] ; HEX4[3] ;
; N/A   ; None              ; 6.220 ns        ; SW[3] ; HEX4[4] ;
; N/A   ; None              ; 6.199 ns        ; SW[3] ; HEX4[5] ;
; N/A   ; None              ; 6.016 ns        ; SW[0] ; HEX4[0] ;
; N/A   ; None              ; 6.016 ns        ; SW[0] ; HEX4[3] ;
; N/A   ; None              ; 6.016 ns        ; SW[0] ; HEX4[4] ;
; N/A   ; None              ; 5.995 ns        ; SW[0] ; HEX4[5] ;
; N/A   ; None              ; 5.848 ns        ; SW[1] ; HEX4[0] ;
; N/A   ; None              ; 5.848 ns        ; SW[1] ; HEX4[3] ;
; N/A   ; None              ; 5.848 ns        ; SW[1] ; HEX4[4] ;
; N/A   ; None              ; 5.827 ns        ; SW[1] ; HEX4[5] ;
+-------+-------------------+-----------------+-------+---------+


+--------------------------------------------------------------------------------------------------+
; th                                                                                               ;
+---------------+-------------+-----------+-------+-------------------------------------+----------+
; Minimum Slack ; Required th ; Actual th ; From  ; To                                  ; To Clock ;
+---------------+-------------+-----------+-------+-------------------------------------+----------+
; N/A           ; None        ; -0.820 ns ; SW[3] ; dffs:comb_7|d_flip_flop:comb_3|dout ; SW[2]    ;
; N/A           ; None        ; -0.873 ns ; SW[3] ; dffs:comb_7|d_flip_flop:comb_3|dout ; SW[3]    ;
; N/A           ; None        ; -0.910 ns ; SW[3] ; dffs:comb_7|d_flip_flop:comb_4|dout ; SW[2]    ;
; N/A           ; None        ; -0.919 ns ; SW[1] ; dffs:comb_7|d_flip_flop:comb_5|dout ; SW[2]    ;
; N/A           ; None        ; -0.963 ns ; SW[3] ; dffs:comb_7|d_flip_flop:comb_4|dout ; SW[3]    ;
; N/A           ; None        ; -0.972 ns ; SW[1] ; dffs:comb_7|d_flip_flop:comb_5|dout ; SW[3]    ;
; N/A           ; None        ; -1.077 ns ; SW[3] ; dffs:comb_7|d_flip_flop:comb_3|dout ; SW[0]    ;
; N/A           ; None        ; -1.140 ns ; SW[4] ; dffs:comb_7|d_flip_flop:comb_3|dout ; SW[2]    ;
; N/A           ; None        ; -1.148 ns ; SW[4] ; dffs:comb_7|d_flip_flop:comb_5|dout ; SW[2]    ;
; N/A           ; None        ; -1.150 ns ; SW[4] ; dffs:comb_7|d_flip_flop:comb_4|dout ; SW[2]    ;
; N/A           ; None        ; -1.167 ns ; SW[3] ; dffs:comb_7|d_flip_flop:comb_4|dout ; SW[0]    ;
; N/A           ; None        ; -1.176 ns ; SW[1] ; dffs:comb_7|d_flip_flop:comb_5|dout ; SW[0]    ;
; N/A           ; None        ; -1.193 ns ; SW[4] ; dffs:comb_7|d_flip_flop:comb_3|dout ; SW[3]    ;
; N/A           ; None        ; -1.201 ns ; SW[4] ; dffs:comb_7|d_flip_flop:comb_5|dout ; SW[3]    ;
; N/A           ; None        ; -1.203 ns ; SW[4] ; dffs:comb_7|d_flip_flop:comb_4|dout ; SW[3]    ;
; N/A           ; None        ; -1.245 ns ; SW[3] ; dffs:comb_7|d_flip_flop:comb_3|dout ; SW[1]    ;
; N/A           ; None        ; -1.306 ns ; SW[2] ; dffs:comb_7|d_flip_flop:comb_3|dout ; SW[2]    ;
; N/A           ; None        ; -1.335 ns ; SW[3] ; dffs:comb_7|d_flip_flop:comb_4|dout ; SW[1]    ;
; N/A           ; None        ; -1.344 ns ; SW[1] ; dffs:comb_7|d_flip_flop:comb_5|dout ; SW[1]    ;
; N/A           ; None        ; -1.359 ns ; SW[2] ; dffs:comb_7|d_flip_flop:comb_3|dout ; SW[3]    ;
; N/A           ; None        ; -1.374 ns ; SW[3] ; dffs:comb_7|d_flip_flop:comb_5|dout ; SW[2]    ;
; N/A           ; None        ; -1.382 ns ; SW[1] ; dffs:comb_7|d_flip_flop:comb_4|dout ; SW[2]    ;
; N/A           ; None        ; -1.392 ns ; SW[1] ; dffs:comb_7|d_flip_flop:comb_3|dout ; SW[2]    ;
; N/A           ; None        ; -1.397 ns ; SW[4] ; dffs:comb_7|d_flip_flop:comb_3|dout ; SW[0]    ;
; N/A           ; None        ; -1.405 ns ; SW[4] ; dffs:comb_7|d_flip_flop:comb_5|dout ; SW[0]    ;
; N/A           ; None        ; -1.407 ns ; SW[4] ; dffs:comb_7|d_flip_flop:comb_4|dout ; SW[0]    ;
; N/A           ; None        ; -1.427 ns ; SW[3] ; dffs:comb_7|d_flip_flop:comb_5|dout ; SW[3]    ;
; N/A           ; None        ; -1.435 ns ; SW[1] ; dffs:comb_7|d_flip_flop:comb_4|dout ; SW[3]    ;
; N/A           ; None        ; -1.445 ns ; SW[1] ; dffs:comb_7|d_flip_flop:comb_3|dout ; SW[3]    ;
; N/A           ; None        ; -1.563 ns ; SW[2] ; dffs:comb_7|d_flip_flop:comb_3|dout ; SW[0]    ;
; N/A           ; None        ; -1.565 ns ; SW[4] ; dffs:comb_7|d_flip_flop:comb_3|dout ; SW[1]    ;
; N/A           ; None        ; -1.573 ns ; SW[4] ; dffs:comb_7|d_flip_flop:comb_5|dout ; SW[1]    ;
; N/A           ; None        ; -1.575 ns ; SW[4] ; dffs:comb_7|d_flip_flop:comb_4|dout ; SW[1]    ;
; N/A           ; None        ; -1.596 ns ; SW[2] ; dffs:comb_7|d_flip_flop:comb_4|dout ; SW[2]    ;
; N/A           ; None        ; -1.631 ns ; SW[3] ; dffs:comb_7|d_flip_flop:comb_5|dout ; SW[0]    ;
; N/A           ; None        ; -1.639 ns ; SW[1] ; dffs:comb_7|d_flip_flop:comb_4|dout ; SW[0]    ;
; N/A           ; None        ; -1.649 ns ; SW[2] ; dffs:comb_7|d_flip_flop:comb_4|dout ; SW[3]    ;
; N/A           ; None        ; -1.649 ns ; SW[1] ; dffs:comb_7|d_flip_flop:comb_3|dout ; SW[0]    ;
; N/A           ; None        ; -1.731 ns ; SW[2] ; dffs:comb_7|d_flip_flop:comb_3|dout ; SW[1]    ;
; N/A           ; None        ; -1.797 ns ; SW[2] ; dffs:comb_7|d_flip_flop:comb_5|dout ; SW[2]    ;
; N/A           ; None        ; -1.799 ns ; SW[3] ; dffs:comb_7|d_flip_flop:comb_5|dout ; SW[1]    ;
; N/A           ; None        ; -1.807 ns ; SW[1] ; dffs:comb_7|d_flip_flop:comb_4|dout ; SW[1]    ;
; N/A           ; None        ; -1.817 ns ; SW[1] ; dffs:comb_7|d_flip_flop:comb_3|dout ; SW[1]    ;
; N/A           ; None        ; -1.850 ns ; SW[2] ; dffs:comb_7|d_flip_flop:comb_5|dout ; SW[3]    ;
; N/A           ; None        ; -1.853 ns ; SW[2] ; dffs:comb_7|d_flip_flop:comb_4|dout ; SW[0]    ;
; N/A           ; None        ; -2.021 ns ; SW[2] ; dffs:comb_7|d_flip_flop:comb_4|dout ; SW[1]    ;
; N/A           ; None        ; -2.054 ns ; SW[2] ; dffs:comb_7|d_flip_flop:comb_5|dout ; SW[0]    ;
; N/A           ; None        ; -2.222 ns ; SW[2] ; dffs:comb_7|d_flip_flop:comb_5|dout ; SW[1]    ;
+---------------+-------------+-----------+-------+-------------------------------------+----------+


+--------------------------+
; Timing Analyzer Messages ;
+--------------------------+
Info: *******************************************************************
Info: Running Quartus II Classic Timing Analyzer
    Info: Version 9.1 Build 350 03/24/2010 Service Pack 2 SJ Web Edition
    Info: Processing started: Tue Apr 30 16:20:54 2019
Info: Command: quartus_tan --read_settings_files=off --write_settings_files=off finalTermProject -c finalTermProject --timing_analysis_only
Warning: Found pins functioning as undefined clocks and/or memory enables
    Info: Assuming node "SW[1]" is an undefined clock
    Info: Assuming node "SW[0]" is an undefined clock
    Info: Assuming node "SW[3]" is an undefined clock
    Info: Assuming node "SW[2]" is an undefined clock
Warning: Found 1 node(s) in clock paths which may be acting as ripple and/or gated clocks -- node(s) analyzed as buffer(s) resulting in clock skew
    Info: Detected gated clock "input_pulse:comb_3|pulse" as buffer
Info: Clock "SW[1]" Internal fmax is restricted to 405.02 MHz between source register "dffs:comb_7|d_flip_flop:comb_4|dout" and destination register "dffs:comb_7|d_flip_flop:comb_5|dout"
    Info: fmax restricted to clock pin edge rate 2.469 ns. Expand message to see actual delay path.
        Info: + Longest register to register delay is 1.795 ns
            Info: 1: + IC(0.000 ns) + CELL(0.000 ns) = 0.000 ns; Loc. = LCFF_X1_Y23_N15; Fanout = 24; REG Node = 'dffs:comb_7|d_flip_flop:comb_4|dout'
            Info: 2: + IC(0.430 ns) + CELL(0.322 ns) = 0.752 ns; Loc. = LCCOMB_X1_Y23_N0; Fanout = 1; COMB Node = 'dffs:comb_7|d_flip_flop:comb_5|dout~0'
            Info: 3: + IC(0.302 ns) + CELL(0.178 ns) = 1.232 ns; Loc. = LCCOMB_X1_Y23_N22; Fanout = 1; COMB Node = 'dffs:comb_7|d_flip_flop:comb_5|dout~1'
            Info: 4: + IC(0.289 ns) + CELL(0.178 ns) = 1.699 ns; Loc. = LCCOMB_X1_Y23_N28; Fanout = 1; COMB Node = 'dffs:comb_7|d_flip_flop:comb_5|dout~2'
            Info: 5: + IC(0.000 ns) + CELL(0.096 ns) = 1.795 ns; Loc. = LCFF_X1_Y23_N29; Fanout = 19; REG Node = 'dffs:comb_7|d_flip_flop:comb_5|dout'
            Info: Total cell delay = 0.774 ns ( 43.12 % )
            Info: Total interconnect delay = 1.021 ns ( 56.88 % )
        Info: - Smallest clock skew is 0.000 ns
            Info: + Shortest clock path from clock "SW[1]" to destination register is 4.770 ns
                Info: 1: + IC(0.000 ns) + CELL(0.854 ns) = 0.854 ns; Loc. = PIN_J3; Fanout = 6; CLK Node = 'SW[1]'
                Info: 2: + IC(0.784 ns) + CELL(0.178 ns) = 1.816 ns; Loc. = LCCOMB_X1_Y23_N26; Fanout = 5; COMB Node = 'input_pulse:comb_3|pulse'
                Info: 3: + IC(1.263 ns) + CELL(0.000 ns) = 3.079 ns; Loc. = CLKCTRL_G2; Fanout = 3; COMB Node = 'input_pulse:comb_3|pulse~clkctrl'
                Info: 4: + IC(1.089 ns) + CELL(0.602 ns) = 4.770 ns; Loc. = LCFF_X1_Y23_N29; Fanout = 19; REG Node = 'dffs:comb_7|d_flip_flop:comb_5|dout'
                Info: Total cell delay = 1.634 ns ( 34.26 % )
                Info: Total interconnect delay = 3.136 ns ( 65.74 % )
            Info: - Longest clock path from clock "SW[1]" to source register is 4.770 ns
                Info: 1: + IC(0.000 ns) + CELL(0.854 ns) = 0.854 ns; Loc. = PIN_J3; Fanout = 6; CLK Node = 'SW[1]'
                Info: 2: + IC(0.784 ns) + CELL(0.178 ns) = 1.816 ns; Loc. = LCCOMB_X1_Y23_N26; Fanout = 5; COMB Node = 'input_pulse:comb_3|pulse'
                Info: 3: + IC(1.263 ns) + CELL(0.000 ns) = 3.079 ns; Loc. = CLKCTRL_G2; Fanout = 3; COMB Node = 'input_pulse:comb_3|pulse~clkctrl'
                Info: 4: + IC(1.089 ns) + CELL(0.602 ns) = 4.770 ns; Loc. = LCFF_X1_Y23_N15; Fanout = 24; REG Node = 'dffs:comb_7|d_flip_flop:comb_4|dout'
                Info: Total cell delay = 1.634 ns ( 34.26 % )
                Info: Total interconnect delay = 3.136 ns ( 65.74 % )
        Info: + Micro clock to output delay of source is 0.277 ns
        Info: + Micro setup delay of destination is -0.038 ns
Info: Clock "SW[0]" Internal fmax is restricted to 405.02 MHz between source register "dffs:comb_7|d_flip_flop:comb_4|dout" and destination register "dffs:comb_7|d_flip_flop:comb_5|dout"
    Info: fmax restricted to clock pin edge rate 2.469 ns. Expand message to see actual delay path.
        Info: + Longest register to register delay is 1.795 ns
            Info: 1: + IC(0.000 ns) + CELL(0.000 ns) = 0.000 ns; Loc. = LCFF_X1_Y23_N15; Fanout = 24; REG Node = 'dffs:comb_7|d_flip_flop:comb_4|dout'
            Info: 2: + IC(0.430 ns) + CELL(0.322 ns) = 0.752 ns; Loc. = LCCOMB_X1_Y23_N0; Fanout = 1; COMB Node = 'dffs:comb_7|d_flip_flop:comb_5|dout~0'
            Info: 3: + IC(0.302 ns) + CELL(0.178 ns) = 1.232 ns; Loc. = LCCOMB_X1_Y23_N22; Fanout = 1; COMB Node = 'dffs:comb_7|d_flip_flop:comb_5|dout~1'
            Info: 4: + IC(0.289 ns) + CELL(0.178 ns) = 1.699 ns; Loc. = LCCOMB_X1_Y23_N28; Fanout = 1; COMB Node = 'dffs:comb_7|d_flip_flop:comb_5|dout~2'
            Info: 5: + IC(0.000 ns) + CELL(0.096 ns) = 1.795 ns; Loc. = LCFF_X1_Y23_N29; Fanout = 19; REG Node = 'dffs:comb_7|d_flip_flop:comb_5|dout'
            Info: Total cell delay = 0.774 ns ( 43.12 % )
            Info: Total interconnect delay = 1.021 ns ( 56.88 % )
        Info: - Smallest clock skew is 0.000 ns
            Info: + Shortest clock path from clock "SW[0]" to destination register is 4.938 ns
                Info: 1: + IC(0.000 ns) + CELL(0.854 ns) = 0.854 ns; Loc. = PIN_J4; Fanout = 1; CLK Node = 'SW[0]'
                Info: 2: + IC(0.852 ns) + CELL(0.278 ns) = 1.984 ns; Loc. = LCCOMB_X1_Y23_N26; Fanout = 5; COMB Node = 'input_pulse:comb_3|pulse'
                Info: 3: + IC(1.263 ns) + CELL(0.000 ns) = 3.247 ns; Loc. = CLKCTRL_G2; Fanout = 3; COMB Node = 'input_pulse:comb_3|pulse~clkctrl'
                Info: 4: + IC(1.089 ns) + CELL(0.602 ns) = 4.938 ns; Loc. = LCFF_X1_Y23_N29; Fanout = 19; REG Node = 'dffs:comb_7|d_flip_flop:comb_5|dout'
                Info: Total cell delay = 1.734 ns ( 35.12 % )
                Info: Total interconnect delay = 3.204 ns ( 64.88 % )
            Info: - Longest clock path from clock "SW[0]" to source register is 4.938 ns
                Info: 1: + IC(0.000 ns) + CELL(0.854 ns) = 0.854 ns; Loc. = PIN_J4; Fanout = 1; CLK Node = 'SW[0]'
                Info: 2: + IC(0.852 ns) + CELL(0.278 ns) = 1.984 ns; Loc. = LCCOMB_X1_Y23_N26; Fanout = 5; COMB Node = 'input_pulse:comb_3|pulse'
                Info: 3: + IC(1.263 ns) + CELL(0.000 ns) = 3.247 ns; Loc. = CLKCTRL_G2; Fanout = 3; COMB Node = 'input_pulse:comb_3|pulse~clkctrl'
                Info: 4: + IC(1.089 ns) + CELL(0.602 ns) = 4.938 ns; Loc. = LCFF_X1_Y23_N15; Fanout = 24; REG Node = 'dffs:comb_7|d_flip_flop:comb_4|dout'
                Info: Total cell delay = 1.734 ns ( 35.12 % )
                Info: Total interconnect delay = 3.204 ns ( 64.88 % )
        Info: + Micro clock to output delay of source is 0.277 ns
        Info: + Micro setup delay of destination is -0.038 ns
Info: Clock "SW[3]" Internal fmax is restricted to 405.02 MHz between source register "dffs:comb_7|d_flip_flop:comb_4|dout" and destination register "dffs:comb_7|d_flip_flop:comb_5|dout"
    Info: fmax restricted to clock pin edge rate 2.469 ns. Expand message to see actual delay path.
        Info: + Longest register to register delay is 1.795 ns
            Info: 1: + IC(0.000 ns) + CELL(0.000 ns) = 0.000 ns; Loc. = LCFF_X1_Y23_N15; Fanout = 24; REG Node = 'dffs:comb_7|d_flip_flop:comb_4|dout'
            Info: 2: + IC(0.430 ns) + CELL(0.322 ns) = 0.752 ns; Loc. = LCCOMB_X1_Y23_N0; Fanout = 1; COMB Node = 'dffs:comb_7|d_flip_flop:comb_5|dout~0'
            Info: 3: + IC(0.302 ns) + CELL(0.178 ns) = 1.232 ns; Loc. = LCCOMB_X1_Y23_N22; Fanout = 1; COMB Node = 'dffs:comb_7|d_flip_flop:comb_5|dout~1'
            Info: 4: + IC(0.289 ns) + CELL(0.178 ns) = 1.699 ns; Loc. = LCCOMB_X1_Y23_N28; Fanout = 1; COMB Node = 'dffs:comb_7|d_flip_flop:comb_5|dout~2'
            Info: 5: + IC(0.000 ns) + CELL(0.096 ns) = 1.795 ns; Loc. = LCFF_X1_Y23_N29; Fanout = 19; REG Node = 'dffs:comb_7|d_flip_flop:comb_5|dout'
            Info: Total cell delay = 0.774 ns ( 43.12 % )
            Info: Total interconnect delay = 1.021 ns ( 56.88 % )
        Info: - Smallest clock skew is 0.000 ns
            Info: + Shortest clock path from clock "SW[3]" to destination register is 5.142 ns
                Info: 1: + IC(0.000 ns) + CELL(0.864 ns) = 0.864 ns; Loc. = PIN_J1; Fanout = 4; CLK Node = 'SW[3]'
                Info: 2: + IC(0.803 ns) + CELL(0.521 ns) = 2.188 ns; Loc. = LCCOMB_X1_Y23_N26; Fanout = 5; COMB Node = 'input_pulse:comb_3|pulse'
                Info: 3: + IC(1.263 ns) + CELL(0.000 ns) = 3.451 ns; Loc. = CLKCTRL_G2; Fanout = 3; COMB Node = 'input_pulse:comb_3|pulse~clkctrl'
                Info: 4: + IC(1.089 ns) + CELL(0.602 ns) = 5.142 ns; Loc. = LCFF_X1_Y23_N29; Fanout = 19; REG Node = 'dffs:comb_7|d_flip_flop:comb_5|dout'
                Info: Total cell delay = 1.987 ns ( 38.64 % )
                Info: Total interconnect delay = 3.155 ns ( 61.36 % )
            Info: - Longest clock path from clock "SW[3]" to source register is 5.142 ns
                Info: 1: + IC(0.000 ns) + CELL(0.864 ns) = 0.864 ns; Loc. = PIN_J1; Fanout = 4; CLK Node = 'SW[3]'
                Info: 2: + IC(0.803 ns) + CELL(0.521 ns) = 2.188 ns; Loc. = LCCOMB_X1_Y23_N26; Fanout = 5; COMB Node = 'input_pulse:comb_3|pulse'
                Info: 3: + IC(1.263 ns) + CELL(0.000 ns) = 3.451 ns; Loc. = CLKCTRL_G2; Fanout = 3; COMB Node = 'input_pulse:comb_3|pulse~clkctrl'
                Info: 4: + IC(1.089 ns) + CELL(0.602 ns) = 5.142 ns; Loc. = LCFF_X1_Y23_N15; Fanout = 24; REG Node = 'dffs:comb_7|d_flip_flop:comb_4|dout'
                Info: Total cell delay = 1.987 ns ( 38.64 % )
                Info: Total interconnect delay = 3.155 ns ( 61.36 % )
        Info: + Micro clock to output delay of source is 0.277 ns
        Info: + Micro setup delay of destination is -0.038 ns
Info: Clock "SW[2]" Internal fmax is restricted to 405.02 MHz between source register "dffs:comb_7|d_flip_flop:comb_4|dout" and destination register "dffs:comb_7|d_flip_flop:comb_5|dout"
    Info: fmax restricted to clock pin edge rate 2.469 ns. Expand message to see actual delay path.
        Info: + Longest register to register delay is 1.795 ns
            Info: 1: + IC(0.000 ns) + CELL(0.000 ns) = 0.000 ns; Loc. = LCFF_X1_Y23_N15; Fanout = 24; REG Node = 'dffs:comb_7|d_flip_flop:comb_4|dout'
            Info: 2: + IC(0.430 ns) + CELL(0.322 ns) = 0.752 ns; Loc. = LCCOMB_X1_Y23_N0; Fanout = 1; COMB Node = 'dffs:comb_7|d_flip_flop:comb_5|dout~0'
            Info: 3: + IC(0.302 ns) + CELL(0.178 ns) = 1.232 ns; Loc. = LCCOMB_X1_Y23_N22; Fanout = 1; COMB Node = 'dffs:comb_7|d_flip_flop:comb_5|dout~1'
            Info: 4: + IC(0.289 ns) + CELL(0.178 ns) = 1.699 ns; Loc. = LCCOMB_X1_Y23_N28; Fanout = 1; COMB Node = 'dffs:comb_7|d_flip_flop:comb_5|dout~2'
            Info: 5: + IC(0.000 ns) + CELL(0.096 ns) = 1.795 ns; Loc. = LCFF_X1_Y23_N29; Fanout = 19; REG Node = 'dffs:comb_7|d_flip_flop:comb_5|dout'
            Info: Total cell delay = 0.774 ns ( 43.12 % )
            Info: Total interconnect delay = 1.021 ns ( 56.88 % )
        Info: - Smallest clock skew is 0.000 ns
            Info: + Shortest clock path from clock "SW[2]" to destination register is 5.195 ns
                Info: 1: + IC(0.000 ns) + CELL(0.844 ns) = 0.844 ns; Loc. = PIN_L7; Fanout = 5; CLK Node = 'SW[2]'
                Info: 2: + IC(0.852 ns) + CELL(0.545 ns) = 2.241 ns; Loc. = LCCOMB_X1_Y23_N26; Fanout = 5; COMB Node = 'input_pulse:comb_3|pulse'
                Info: 3: + IC(1.263 ns) + CELL(0.000 ns) = 3.504 ns; Loc. = CLKCTRL_G2; Fanout = 3; COMB Node = 'input_pulse:comb_3|pulse~clkctrl'
                Info: 4: + IC(1.089 ns) + CELL(0.602 ns) = 5.195 ns; Loc. = LCFF_X1_Y23_N29; Fanout = 19; REG Node = 'dffs:comb_7|d_flip_flop:comb_5|dout'
                Info: Total cell delay = 1.991 ns ( 38.33 % )
                Info: Total interconnect delay = 3.204 ns ( 61.67 % )
            Info: - Longest clock path from clock "SW[2]" to source register is 5.195 ns
                Info: 1: + IC(0.000 ns) + CELL(0.844 ns) = 0.844 ns; Loc. = PIN_L7; Fanout = 5; CLK Node = 'SW[2]'
                Info: 2: + IC(0.852 ns) + CELL(0.545 ns) = 2.241 ns; Loc. = LCCOMB_X1_Y23_N26; Fanout = 5; COMB Node = 'input_pulse:comb_3|pulse'
                Info: 3: + IC(1.263 ns) + CELL(0.000 ns) = 3.504 ns; Loc. = CLKCTRL_G2; Fanout = 3; COMB Node = 'input_pulse:comb_3|pulse~clkctrl'
                Info: 4: + IC(1.089 ns) + CELL(0.602 ns) = 5.195 ns; Loc. = LCFF_X1_Y23_N15; Fanout = 24; REG Node = 'dffs:comb_7|d_flip_flop:comb_4|dout'
                Info: Total cell delay = 1.991 ns ( 38.33 % )
                Info: Total interconnect delay = 3.204 ns ( 61.67 % )
        Info: + Micro clock to output delay of source is 0.277 ns
        Info: + Micro setup delay of destination is -0.038 ns
Info: tsu for register "dffs:comb_7|d_flip_flop:comb_4|dout" (data pin = "SW[1]", clock pin = "SW[1]") is 2.534 ns
    Info: + Longest pin to register delay is 7.342 ns
        Info: 1: + IC(0.000 ns) + CELL(0.854 ns) = 0.854 ns; Loc. = PIN_J3; Fanout = 6; CLK Node = 'SW[1]'
        Info: 2: + IC(4.903 ns) + CELL(0.545 ns) = 6.302 ns; Loc. = LCCOMB_X1_Y23_N6; Fanout = 1; COMB Node = 'dffs:comb_7|d_flip_flop:comb_4|dout~1'
        Info: 3: + IC(0.298 ns) + CELL(0.178 ns) = 6.778 ns; Loc. = LCCOMB_X1_Y23_N2; Fanout = 1; COMB Node = 'dffs:comb_7|d_flip_flop:comb_4|dout~2'
        Info: 4: + IC(0.290 ns) + CELL(0.178 ns) = 7.246 ns; Loc. = LCCOMB_X1_Y23_N14; Fanout = 1; COMB Node = 'dffs:comb_7|d_flip_flop:comb_4|dout~3'
        Info: 5: + IC(0.000 ns) + CELL(0.096 ns) = 7.342 ns; Loc. = LCFF_X1_Y23_N15; Fanout = 24; REG Node = 'dffs:comb_7|d_flip_flop:comb_4|dout'
        Info: Total cell delay = 1.851 ns ( 25.21 % )
        Info: Total interconnect delay = 5.491 ns ( 74.79 % )
    Info: + Micro setup delay of destination is -0.038 ns
    Info: - Shortest clock path from clock "SW[1]" to destination register is 4.770 ns
        Info: 1: + IC(0.000 ns) + CELL(0.854 ns) = 0.854 ns; Loc. = PIN_J3; Fanout = 6; CLK Node = 'SW[1]'
        Info: 2: + IC(0.784 ns) + CELL(0.178 ns) = 1.816 ns; Loc. = LCCOMB_X1_Y23_N26; Fanout = 5; COMB Node = 'input_pulse:comb_3|pulse'
        Info: 3: + IC(1.263 ns) + CELL(0.000 ns) = 3.079 ns; Loc. = CLKCTRL_G2; Fanout = 3; COMB Node = 'input_pulse:comb_3|pulse~clkctrl'
        Info: 4: + IC(1.089 ns) + CELL(0.602 ns) = 4.770 ns; Loc. = LCFF_X1_Y23_N15; Fanout = 24; REG Node = 'dffs:comb_7|d_flip_flop:comb_4|dout'
        Info: Total cell delay = 1.634 ns ( 34.26 % )
        Info: Total interconnect delay = 3.136 ns ( 65.74 % )
Info: tco from clock "SW[2]" to destination pin "HEX7[6]" through register "dffs:comb_7|d_flip_flop:comb_4|dout" is 11.183 ns
    Info: + Longest clock path from clock "SW[2]" to source register is 5.195 ns
        Info: 1: + IC(0.000 ns) + CELL(0.844 ns) = 0.844 ns; Loc. = PIN_L7; Fanout = 5; CLK Node = 'SW[2]'
        Info: 2: + IC(0.852 ns) + CELL(0.545 ns) = 2.241 ns; Loc. = LCCOMB_X1_Y23_N26; Fanout = 5; COMB Node = 'input_pulse:comb_3|pulse'
        Info: 3: + IC(1.263 ns) + CELL(0.000 ns) = 3.504 ns; Loc. = CLKCTRL_G2; Fanout = 3; COMB Node = 'input_pulse:comb_3|pulse~clkctrl'
        Info: 4: + IC(1.089 ns) + CELL(0.602 ns) = 5.195 ns; Loc. = LCFF_X1_Y23_N15; Fanout = 24; REG Node = 'dffs:comb_7|d_flip_flop:comb_4|dout'
        Info: Total cell delay = 1.991 ns ( 38.33 % )
        Info: Total interconnect delay = 3.204 ns ( 61.67 % )
    Info: + Micro clock to output delay of source is 0.277 ns
    Info: + Longest register to pin delay is 5.711 ns
        Info: 1: + IC(0.000 ns) + CELL(0.000 ns) = 0.000 ns; Loc. = LCFF_X1_Y23_N15; Fanout = 24; REG Node = 'dffs:comb_7|d_flip_flop:comb_4|dout'
        Info: 2: + IC(1.456 ns) + CELL(0.544 ns) = 2.000 ns; Loc. = LCCOMB_X1_Y28_N18; Fanout = 1; COMB Node = 'print:comb_8|WideOr10~0'
        Info: 3: + IC(0.861 ns) + CELL(2.850 ns) = 5.711 ns; Loc. = PIN_F1; Fanout = 0; PIN Node = 'HEX7[6]'
        Info: Total cell delay = 3.394 ns ( 59.43 % )
        Info: Total interconnect delay = 2.317 ns ( 40.57 % )
Info: Longest tpd from source pin "SW[2]" to destination pin "HEX4[0]" is 6.273 ns
    Info: 1: + IC(0.000 ns) + CELL(0.844 ns) = 0.844 ns; Loc. = PIN_L7; Fanout = 5; CLK Node = 'SW[2]'
    Info: 2: + IC(0.852 ns) + CELL(0.545 ns) = 2.241 ns; Loc. = LCCOMB_X1_Y23_N26; Fanout = 5; COMB Node = 'input_pulse:comb_3|pulse'
    Info: 3: + IC(1.192 ns) + CELL(2.840 ns) = 6.273 ns; Loc. = PIN_M7; Fanout = 0; PIN Node = 'HEX4[0]'
    Info: Total cell delay = 4.229 ns ( 67.42 % )
    Info: Total interconnect delay = 2.044 ns ( 32.58 % )
Info: th for register "dffs:comb_7|d_flip_flop:comb_3|dout" (data pin = "SW[3]", clock pin = "SW[2]") is -0.820 ns
    Info: + Longest clock path from clock "SW[2]" to destination register is 5.195 ns
        Info: 1: + IC(0.000 ns) + CELL(0.844 ns) = 0.844 ns; Loc. = PIN_L7; Fanout = 5; CLK Node = 'SW[2]'
        Info: 2: + IC(0.852 ns) + CELL(0.545 ns) = 2.241 ns; Loc. = LCCOMB_X1_Y23_N26; Fanout = 5; COMB Node = 'input_pulse:comb_3|pulse'
        Info: 3: + IC(1.263 ns) + CELL(0.000 ns) = 3.504 ns; Loc. = CLKCTRL_G2; Fanout = 3; COMB Node = 'input_pulse:comb_3|pulse~clkctrl'
        Info: 4: + IC(1.089 ns) + CELL(0.602 ns) = 5.195 ns; Loc. = LCFF_X1_Y23_N13; Fanout = 24; REG Node = 'dffs:comb_7|d_flip_flop:comb_3|dout'
        Info: Total cell delay = 1.991 ns ( 38.33 % )
        Info: Total interconnect delay = 3.204 ns ( 61.67 % )
    Info: + Micro hold delay of destination is 0.286 ns
    Info: - Shortest pin to register delay is 6.301 ns
        Info: 1: + IC(0.000 ns) + CELL(0.864 ns) = 0.864 ns; Loc. = PIN_J1; Fanout = 4; CLK Node = 'SW[3]'
        Info: 2: + IC(4.886 ns) + CELL(0.455 ns) = 6.205 ns; Loc. = LCCOMB_X1_Y23_N12; Fanout = 1; COMB Node = 'dffs:comb_7|d_flip_flop:comb_3|dout~2'
        Info: 3: + IC(0.000 ns) + CELL(0.096 ns) = 6.301 ns; Loc. = LCFF_X1_Y23_N13; Fanout = 24; REG Node = 'dffs:comb_7|d_flip_flop:comb_3|dout'
        Info: Total cell delay = 1.415 ns ( 22.46 % )
        Info: Total interconnect delay = 4.886 ns ( 77.54 % )
Info: Quartus II Classic Timing Analyzer was successful. 0 errors, 2 warnings
    Info: Peak virtual memory: 195 megabytes
    Info: Processing ended: Tue Apr 30 16:20:55 2019
    Info: Elapsed time: 00:00:01
    Info: Total CPU time (on all processors): 00:00:01


